{
    "stack_alignment_sbs": {
        "content": [
            "sbs.json:md5,054f24c7a9c25798a4eea32f4e4bcde0"
        ],
        "meta": {
            "nf-test": "0.9.3",
            "nextflow": "25.10.4"
        },
        "timestamp": "2026-04-27T17:53:34.116301996"
    },
    "stub": {
        "content": [
            {
                "0": [
                    "sbs.json:md5,d41d8cd98f00b204e9800998ecf8427e"
                ],
                "1": [
                    "versions.yml:md5,5a18662c88defe8eb47990255d60dc01"
                ],
                "json_transform": [
                    "sbs.json:md5,d41d8cd98f00b204e9800998ecf8427e"
                ],
                "versions": [
                    "versions.yml:md5,5a18662c88defe8eb47990255d60dc01"
                ]
            }
        ],
        "meta": {
            "nf-test": "0.9.3",
            "nextflow": "25.10.4"
        },
        "timestamp": "2026-04-27T17:53:42.661647185"
    }
}